mode: set
example/httpservice/internal/repository/user.go:21.58,23.2 1 1
example/httpservice/internal/repository/user.go:25.74,27.16 2 0
example/httpservice/internal/repository/user.go:27.16,29.3 1 0
example/httpservice/internal/repository/user.go:30.2,33.18 3 0
example/httpservice/internal/repository/user.go:33.18,35.95 2 0
example/httpservice/internal/repository/user.go:35.95,37.4 1 0
example/httpservice/internal/repository/user.go:38.3,38.27 1 0
example/httpservice/internal/repository/user.go:40.2,40.35 1 0
example/httpservice/internal/repository/user.go:40.35,42.3 1 0
example/httpservice/internal/repository/user.go:43.2,43.19 1 0
example/httpservice/internal/repository/user.go:46.83,51.35 3 1
example/httpservice/internal/repository/user.go:51.35,53.3 1 1
example/httpservice/internal/repository/user.go:54.2,54.16 1 1
example/httpservice/internal/repository/user.go:54.16,56.3 1 0
example/httpservice/internal/repository/user.go:57.2,57.15 1 1
example/httpservice/internal/repository/user.go:60.92,65.35 3 0
example/httpservice/internal/repository/user.go:65.35,67.3 1 0
example/httpservice/internal/repository/user.go:68.2,68.16 1 0
example/httpservice/internal/repository/user.go:68.16,70.3 1 0
example/httpservice/internal/repository/user.go:71.2,71.15 1 0
example/httpservice/internal/repository/user.go:74.88,79.53 3 1
example/httpservice/internal/repository/user.go:79.53,81.3 1 0
example/httpservice/internal/repository/user.go:82.2,82.16 1 1
example/httpservice/internal/repository/user.go:82.16,84.3 1 0
example/httpservice/internal/repository/user.go:85.2,85.15 1 1
example/httpservice/internal/repository/user.go:88.74,92.16 2 1
example/httpservice/internal/repository/user.go:92.16,94.3 1 0
example/httpservice/internal/repository/user.go:95.2,95.29 1 1
example/httpservice/internal/repository/user.go:95.29,97.3 1 0
example/httpservice/internal/repository/user.go:98.2,98.12 1 1
example/httpservice/internal/repository/user.go:101.68,103.16 2 1
example/httpservice/internal/repository/user.go:103.16,105.3 1 0
example/httpservice/internal/repository/user.go:106.2,106.29 1 1
example/httpservice/internal/repository/user.go:106.29,108.3 1 0
example/httpservice/internal/repository/user.go:109.2,109.12 1 1
